[2022-08-18T14:58:13.200+0900][gc,init] CardTable entry size: 512
[2022-08-18T14:58:13.200+0900][gc     ] Using G1
[2022-08-18T14:58:13.202+0900][gc,init] Version: 18.0.2+9-61 (release)
[2022-08-18T14:58:13.202+0900][gc,init] CPUs: 16 total, 16 available
[2022-08-18T14:58:13.202+0900][gc,init] Memory: 25584M
[2022-08-18T14:58:13.202+0900][gc,init] Large Page Support: Disabled
[2022-08-18T14:58:13.202+0900][gc,init] NUMA Support: Disabled
[2022-08-18T14:58:13.202+0900][gc,init] Compressed Oops: Enabled (32-bit)
[2022-08-18T14:58:13.202+0900][gc,init] Heap Region Size: 1M
[2022-08-18T14:58:13.202+0900][gc,init] Heap Min Capacity: 1G
[2022-08-18T14:58:13.202+0900][gc,init] Heap Initial Capacity: 1G
[2022-08-18T14:58:13.203+0900][gc,init] Heap Max Capacity: 1G
[2022-08-18T14:58:13.203+0900][gc,init] Pre-touch: Disabled
[2022-08-18T14:58:13.203+0900][gc,init] Parallel Workers: 13
[2022-08-18T14:58:13.203+0900][gc,init] Concurrent Workers: 3
[2022-08-18T14:58:13.203+0900][gc,init] Concurrent Refinement Workers: 13
[2022-08-18T14:58:13.203+0900][gc,init] Periodic GC: Disabled
[2022-08-18T14:58:13.203+0900][gc,metaspace] CDS archive(s) mapped at: [0x0000000800000000-0x0000000800bb0000-0x0000000800bb0000), size 12255232, SharedBaseAddress: 0x0000000800000000, ArchiveRelocationMode: 0.
[2022-08-18T14:58:13.203+0900][gc,metaspace] Compressed class space mapped at: 0x0000000800c00000-0x0000000840c00000, reserved size: 1073741824
[2022-08-18T14:58:13.203+0900][gc,metaspace] Narrow klass base: 0x0000000800000000, Narrow klass shift: 0, Narrow klass range: 0x100000000
[2022-08-18T14:58:13.777+0900][gc,start    ] GC(0) Pause Young (Normal) (G1 Evacuation Pause)
[2022-08-18T14:58:13.778+0900][gc,task     ] GC(0) Using 13 workers of 13 for evacuation
[2022-08-18T14:58:13.783+0900][gc,phases   ] GC(0)   Pre Evacuate Collection Set: 0.1ms
[2022-08-18T14:58:13.783+0900][gc,phases   ] GC(0)   Merge Heap Roots: 0.1ms
[2022-08-18T14:58:13.783+0900][gc,phases   ] GC(0)   Evacuate Collection Set: 4.1ms
[2022-08-18T14:58:13.783+0900][gc,phases   ] GC(0)   Post Evacuate Collection Set: 0.7ms
[2022-08-18T14:58:13.783+0900][gc,phases   ] GC(0)   Other: 0.7ms
[2022-08-18T14:58:13.783+0900][gc,heap     ] GC(0) Eden regions: 51->0(44)
[2022-08-18T14:58:13.783+0900][gc,heap     ] GC(0) Survivor regions: 0->7(7)
[2022-08-18T14:58:13.783+0900][gc,heap     ] GC(0) Old regions: 0->1
[2022-08-18T14:58:13.783+0900][gc,heap     ] GC(0) Archive regions: 2->2
[2022-08-18T14:58:13.783+0900][gc,heap     ] GC(0) Humongous regions: 0->0
[2022-08-18T14:58:13.783+0900][gc,metaspace] GC(0) Metaspace: 18888K(19136K)->18888K(19136K) NonClass: 16705K(16832K)->16705K(16832K) Class: 2183K(2304K)->2183K(2304K)
[2022-08-18T14:58:13.783+0900][gc          ] GC(0) Pause Young (Normal) (G1 Evacuation Pause) 51M->8M(1024M) 5.953ms
[2022-08-18T14:58:13.783+0900][gc,cpu      ] GC(0) User=0.05s Sys=0.01s Real=0.00s
[2022-08-18T14:58:13.909+0900][gc,start    ] GC(1) Pause Young (Concurrent Start) (Metadata GC Threshold)
[2022-08-18T14:58:13.909+0900][gc,task     ] GC(1) Using 13 workers of 13 for evacuation
[2022-08-18T14:58:13.915+0900][gc,phases   ] GC(1)   Pre Evacuate Collection Set: 0.2ms
[2022-08-18T14:58:13.915+0900][gc,phases   ] GC(1)   Merge Heap Roots: 0.1ms
[2022-08-18T14:58:13.915+0900][gc,phases   ] GC(1)   Evacuate Collection Set: 4.8ms
[2022-08-18T14:58:13.915+0900][gc,phases   ] GC(1)   Post Evacuate Collection Set: 0.4ms
[2022-08-18T14:58:13.915+0900][gc,phases   ] GC(1)   Other: 0.1ms
[2022-08-18T14:58:13.915+0900][gc,heap     ] GC(1) Eden regions: 11->0(49)
[2022-08-18T14:58:13.915+0900][gc,heap     ] GC(1) Survivor regions: 7->2(7)
[2022-08-18T14:58:13.915+0900][gc,heap     ] GC(1) Old regions: 1->8
[2022-08-18T14:58:13.915+0900][gc,heap     ] GC(1) Archive regions: 2->2
[2022-08-18T14:58:13.915+0900][gc,heap     ] GC(1) Humongous regions: 129->129
[2022-08-18T14:58:13.915+0900][gc,metaspace] GC(1) Metaspace: 21332K(21504K)->21332K(21504K) NonClass: 18841K(18944K)->18841K(18944K) Class: 2490K(2560K)->2490K(2560K)
[2022-08-18T14:58:13.915+0900][gc          ] GC(1) Pause Young (Concurrent Start) (Metadata GC Threshold) 147M->138M(1024M) 5.699ms
[2022-08-18T14:58:13.915+0900][gc          ] GC(2) Concurrent Mark Cycle
[2022-08-18T14:58:13.915+0900][gc,cpu      ] GC(1) User=0.00s Sys=0.06s Real=0.01s
[2022-08-18T14:58:13.915+0900][gc,marking  ] GC(2) Concurrent Clear Claimed Marks
[2022-08-18T14:58:13.915+0900][gc,marking  ] GC(2) Concurrent Clear Claimed Marks 0.032ms
[2022-08-18T14:58:13.915+0900][gc,marking  ] GC(2) Concurrent Scan Root Regions
[2022-08-18T14:58:13.916+0900][gc,marking  ] GC(2) Concurrent Scan Root Regions 1.267ms
[2022-08-18T14:58:13.916+0900][gc,marking  ] GC(2) Concurrent Mark
[2022-08-18T14:58:13.916+0900][gc,marking  ] GC(2) Concurrent Mark From Roots
[2022-08-18T14:58:13.916+0900][gc,task     ] GC(2) Using 3 workers of 3 for marking
[2022-08-18T14:58:13.917+0900][gc,marking  ] GC(2) Concurrent Mark From Roots 0.873ms
[2022-08-18T14:58:13.917+0900][gc,marking  ] GC(2) Concurrent Preclean
[2022-08-18T14:58:13.917+0900][gc,marking  ] GC(2) Concurrent Preclean 0.005ms
[2022-08-18T14:58:13.917+0900][gc,start    ] GC(2) Pause Remark
[2022-08-18T14:58:13.918+0900][gc          ] GC(2) Pause Remark 139M->139M(1024M) 0.972ms
[2022-08-18T14:58:13.918+0900][gc,cpu      ] GC(2) User=0.00s Sys=0.00s Real=0.00s
[2022-08-18T14:58:13.918+0900][gc,marking  ] GC(2) Concurrent Mark 2.120ms
[2022-08-18T14:58:13.918+0900][gc,marking  ] GC(2) Concurrent Rebuild Remembered Sets
[2022-08-18T14:58:13.919+0900][gc,marking  ] GC(2) Concurrent Rebuild Remembered Sets 0.872ms
[2022-08-18T14:58:13.919+0900][gc,start    ] GC(2) Pause Cleanup
[2022-08-18T14:58:13.920+0900][gc          ] GC(2) Pause Cleanup 139M->139M(1024M) 0.100ms
[2022-08-18T14:58:13.920+0900][gc,cpu      ] GC(2) User=0.00s Sys=0.00s Real=0.00s
[2022-08-18T14:58:13.920+0900][gc,marking  ] GC(2) Concurrent Cleanup for Next Mark
[2022-08-18T14:58:13.921+0900][gc,marking  ] GC(2) Concurrent Cleanup for Next Mark 1.512ms
[2022-08-18T14:58:13.921+0900][gc          ] GC(2) Concurrent Mark Cycle 6.198ms
[2022-08-18T14:58:14.257+0900][gc,start    ] GC(3) Pause Young (Normal) (G1 Evacuation Pause)
[2022-08-18T14:58:14.257+0900][gc,task     ] GC(3) Using 13 workers of 13 for evacuation
[2022-08-18T14:58:14.259+0900][gc,phases   ] GC(3)   Pre Evacuate Collection Set: 0.1ms
[2022-08-18T14:58:14.259+0900][gc,phases   ] GC(3)   Merge Heap Roots: 0.1ms
[2022-08-18T14:58:14.259+0900][gc,phases   ] GC(3)   Evacuate Collection Set: 1.5ms
[2022-08-18T14:58:14.260+0900][gc,phases   ] GC(3)   Post Evacuate Collection Set: 0.3ms
[2022-08-18T14:58:14.260+0900][gc,phases   ] GC(3)   Other: 0.0ms
[2022-08-18T14:58:14.260+0900][gc,heap     ] GC(3) Eden regions: 49->0(45)
[2022-08-18T14:58:14.260+0900][gc,heap     ] GC(3) Survivor regions: 2->6(7)
[2022-08-18T14:58:14.260+0900][gc,heap     ] GC(3) Old regions: 8->8
[2022-08-18T14:58:14.260+0900][gc,heap     ] GC(3) Archive regions: 2->2
[2022-08-18T14:58:14.260+0900][gc,heap     ] GC(3) Humongous regions: 129->129
[2022-08-18T14:58:14.260+0900][gc,metaspace] GC(3) Metaspace: 32981K(33280K)->32981K(33280K) NonClass: 29390K(29568K)->29390K(29568K) Class: 3590K(3712K)->3590K(3712K)
[2022-08-18T14:58:14.260+0900][gc          ] GC(3) Pause Young (Normal) (G1 Evacuation Pause) 187M->142M(1024M) 2.172ms
[2022-08-18T14:58:14.260+0900][gc,cpu      ] GC(3) User=0.01s Sys=0.00s Real=0.00s
[2022-08-18T15:02:38.791+0900][gc,start    ] GC(4) Pause Young (Concurrent Start) (Metadata GC Threshold)
[2022-08-18T15:02:38.792+0900][gc,task     ] GC(4) Using 13 workers of 13 for evacuation
[2022-08-18T15:02:38.796+0900][gc,phases   ] GC(4)   Pre Evacuate Collection Set: 0.2ms
[2022-08-18T15:02:38.796+0900][gc,phases   ] GC(4)   Merge Heap Roots: 0.1ms
[2022-08-18T15:02:38.796+0900][gc,phases   ] GC(4)   Evacuate Collection Set: 3.6ms
[2022-08-18T15:02:38.796+0900][gc,phases   ] GC(4)   Post Evacuate Collection Set: 0.4ms
[2022-08-18T15:02:38.796+0900][gc,phases   ] GC(4)   Other: 0.1ms
[2022-08-18T15:02:38.796+0900][gc,heap     ] GC(4) Eden regions: 16->0(49)
[2022-08-18T15:02:38.796+0900][gc,heap     ] GC(4) Survivor regions: 6->2(7)
[2022-08-18T15:02:38.796+0900][gc,heap     ] GC(4) Old regions: 8->13
[2022-08-18T15:02:38.796+0900][gc,heap     ] GC(4) Archive regions: 2->2
[2022-08-18T15:02:38.796+0900][gc,heap     ] GC(4) Humongous regions: 129->129
[2022-08-18T15:02:38.796+0900][gc,metaspace] GC(4) Metaspace: 35830K(36160K)->35830K(36160K) NonClass: 31733K(31936K)->31733K(31936K) Class: 4097K(4224K)->4097K(4224K)
[2022-08-18T15:02:38.796+0900][gc          ] GC(4) Pause Young (Concurrent Start) (Metadata GC Threshold) 158M->143M(1024M) 4.426ms
[2022-08-18T15:02:38.796+0900][gc          ] GC(5) Concurrent Mark Cycle
[2022-08-18T15:02:38.796+0900][gc,cpu      ] GC(4) User=0.01s Sys=0.04s Real=0.01s
[2022-08-18T15:02:38.796+0900][gc,marking  ] GC(5) Concurrent Clear Claimed Marks
[2022-08-18T15:02:38.796+0900][gc,marking  ] GC(5) Concurrent Clear Claimed Marks 0.041ms
[2022-08-18T15:02:38.796+0900][gc,marking  ] GC(5) Concurrent Scan Root Regions
[2022-08-18T15:02:38.797+0900][gc,marking  ] GC(5) Concurrent Scan Root Regions 1.086ms
[2022-08-18T15:02:38.797+0900][gc,marking  ] GC(5) Concurrent Mark
[2022-08-18T15:02:38.797+0900][gc,marking  ] GC(5) Concurrent Mark From Roots
[2022-08-18T15:02:38.797+0900][gc,task     ] GC(5) Using 3 workers of 3 for marking
[2022-08-18T15:02:38.799+0900][gc,marking  ] GC(5) Concurrent Mark From Roots 1.973ms
[2022-08-18T15:02:38.799+0900][gc,marking  ] GC(5) Concurrent Preclean
[2022-08-18T15:02:38.799+0900][gc,marking  ] GC(5) Concurrent Preclean 0.018ms
[2022-08-18T15:02:38.799+0900][gc,start    ] GC(5) Pause Remark
[2022-08-18T15:02:38.800+0900][gc          ] GC(5) Pause Remark 144M->144M(1024M) 0.995ms
[2022-08-18T15:02:38.800+0900][gc,cpu      ] GC(5) User=0.01s Sys=0.00s Real=0.00s
[2022-08-18T15:02:38.800+0900][gc,marking  ] GC(5) Concurrent Mark 3.174ms
[2022-08-18T15:02:38.800+0900][gc,marking  ] GC(5) Concurrent Rebuild Remembered Sets
[2022-08-18T15:02:38.802+0900][gc,marking  ] GC(5) Concurrent Rebuild Remembered Sets 1.387ms
[2022-08-18T15:02:38.802+0900][gc,start    ] GC(5) Pause Cleanup
[2022-08-18T15:02:38.802+0900][gc          ] GC(5) Pause Cleanup 144M->144M(1024M) 0.109ms
[2022-08-18T15:02:38.802+0900][gc,cpu      ] GC(5) User=0.00s Sys=0.00s Real=0.00s
[2022-08-18T15:02:38.802+0900][gc,marking  ] GC(5) Concurrent Cleanup for Next Mark
[2022-08-18T15:02:38.805+0900][gc,marking  ] GC(5) Concurrent Cleanup for Next Mark 3.437ms
[2022-08-18T15:02:38.805+0900][gc          ] GC(5) Concurrent Mark Cycle 9.539ms
[2022-08-18T15:13:14.712+0900][gc,start    ] GC(6) Pause Young (Normal) (G1 Evacuation Pause)
[2022-08-18T15:13:14.712+0900][gc,task     ] GC(6) Using 13 workers of 13 for evacuation
[2022-08-18T15:13:14.714+0900][gc,phases   ] GC(6)   Pre Evacuate Collection Set: 0.2ms
[2022-08-18T15:13:14.714+0900][gc,phases   ] GC(6)   Merge Heap Roots: 0.1ms
[2022-08-18T15:13:14.714+0900][gc,phases   ] GC(6)   Evacuate Collection Set: 1.2ms
[2022-08-18T15:13:14.714+0900][gc,phases   ] GC(6)   Post Evacuate Collection Set: 0.4ms
[2022-08-18T15:13:14.714+0900][gc,phases   ] GC(6)   Other: 0.0ms
[2022-08-18T15:13:14.714+0900][gc,heap     ] GC(6) Eden regions: 49->0(47)
[2022-08-18T15:13:14.714+0900][gc,heap     ] GC(6) Survivor regions: 2->4(7)
[2022-08-18T15:13:14.714+0900][gc,heap     ] GC(6) Old regions: 13->13
[2022-08-18T15:13:14.714+0900][gc,heap     ] GC(6) Archive regions: 2->2
[2022-08-18T15:13:14.714+0900][gc,heap     ] GC(6) Humongous regions: 129->129
[2022-08-18T15:13:14.714+0900][gc,metaspace] GC(6) Metaspace: 41708K(42368K)->41708K(42368K) NonClass: 36709K(37056K)->36709K(37056K) Class: 4999K(5312K)->4999K(5312K)
[2022-08-18T15:13:14.714+0900][gc          ] GC(6) Pause Young (Normal) (G1 Evacuation Pause) 192M->146M(1024M) 1.968ms
[2022-08-18T15:13:14.714+0900][gc,cpu      ] GC(6) User=0.01s Sys=0.00s Real=0.00s
[2022-08-18T15:26:23.853+0900][gc,start    ] GC(7) Pause Young (Normal) (G1 Evacuation Pause)
[2022-08-18T15:26:23.853+0900][gc,task     ] GC(7) Using 13 workers of 13 for evacuation
[2022-08-18T15:26:23.856+0900][gc,phases   ] GC(7)   Pre Evacuate Collection Set: 0.2ms
[2022-08-18T15:26:23.856+0900][gc,phases   ] GC(7)   Merge Heap Roots: 0.1ms
[2022-08-18T15:26:23.857+0900][gc,phases   ] GC(7)   Evacuate Collection Set: 2.5ms
[2022-08-18T15:26:23.857+0900][gc,phases   ] GC(7)   Post Evacuate Collection Set: 0.5ms
[2022-08-18T15:26:23.857+0900][gc,phases   ] GC(7)   Other: 0.0ms
[2022-08-18T15:26:23.857+0900][gc,heap     ] GC(7) Eden regions: 47->0(45)
[2022-08-18T15:26:23.857+0900][gc,heap     ] GC(7) Survivor regions: 4->6(7)
[2022-08-18T15:26:23.857+0900][gc,heap     ] GC(7) Old regions: 13->14
[2022-08-18T15:26:23.857+0900][gc,heap     ] GC(7) Archive regions: 2->2
[2022-08-18T15:26:23.857+0900][gc,heap     ] GC(7) Humongous regions: 129->129
[2022-08-18T15:26:23.857+0900][gc,metaspace] GC(7) Metaspace: 42785K(43392K)->42785K(43392K) NonClass: 37738K(38080K)->37738K(38080K) Class: 5046K(5312K)->5046K(5312K)
[2022-08-18T15:26:23.857+0900][gc          ] GC(7) Pause Young (Normal) (G1 Evacuation Pause) 193M->148M(1024M) 3.478ms
[2022-08-18T15:26:23.857+0900][gc,cpu      ] GC(7) User=0.03s Sys=0.00s Real=0.01s
[2022-08-18T15:39:58.380+0900][gc,start    ] GC(8) Pause Young (Normal) (G1 Evacuation Pause)
[2022-08-18T15:39:58.380+0900][gc,task     ] GC(8) Using 13 workers of 13 for evacuation
[2022-08-18T15:39:58.384+0900][gc,phases   ] GC(8)   Pre Evacuate Collection Set: 0.2ms
[2022-08-18T15:39:58.384+0900][gc,phases   ] GC(8)   Merge Heap Roots: 0.1ms
[2022-08-18T15:39:58.384+0900][gc,phases   ] GC(8)   Evacuate Collection Set: 3.0ms
[2022-08-18T15:39:58.384+0900][gc,phases   ] GC(8)   Post Evacuate Collection Set: 0.4ms
[2022-08-18T15:39:58.384+0900][gc,phases   ] GC(8)   Other: 0.1ms
[2022-08-18T15:39:58.384+0900][gc,heap     ] GC(8) Eden regions: 45->0(57)
[2022-08-18T15:39:58.384+0900][gc,heap     ] GC(8) Survivor regions: 6->3(7)
[2022-08-18T15:39:58.384+0900][gc,heap     ] GC(8) Old regions: 14->17
[2022-08-18T15:39:58.384+0900][gc,heap     ] GC(8) Archive regions: 2->2
[2022-08-18T15:39:58.384+0900][gc,heap     ] GC(8) Humongous regions: 129->129
[2022-08-18T15:39:58.384+0900][gc,metaspace] GC(8) Metaspace: 42879K(43456K)->42879K(43456K) NonClass: 37832K(38144K)->37832K(38144K) Class: 5046K(5312K)->5046K(5312K)
[2022-08-18T15:39:58.384+0900][gc          ] GC(8) Pause Young (Normal) (G1 Evacuation Pause) 193M->148M(1024M) 3.907ms
[2022-08-18T15:39:58.384+0900][gc,cpu      ] GC(8) User=0.04s Sys=0.00s Real=0.01s
[2022-08-18T15:58:14.192+0900][gc,start    ] GC(9) Pause Young (Normal) (G1 Evacuation Pause)
[2022-08-18T15:58:14.192+0900][gc,task     ] GC(9) Using 13 workers of 13 for evacuation
[2022-08-18T15:58:14.196+0900][gc,phases   ] GC(9)   Pre Evacuate Collection Set: 0.2ms
[2022-08-18T15:58:14.196+0900][gc,phases   ] GC(9)   Merge Heap Roots: 0.1ms
[2022-08-18T15:58:14.196+0900][gc,phases   ] GC(9)   Evacuate Collection Set: 3.0ms
[2022-08-18T15:58:14.196+0900][gc,phases   ] GC(9)   Post Evacuate Collection Set: 0.4ms
[2022-08-18T15:58:14.196+0900][gc,phases   ] GC(9)   Other: 0.1ms
[2022-08-18T15:58:14.196+0900][gc,heap     ] GC(9) Eden regions: 57->0(244)
[2022-08-18T15:58:14.196+0900][gc,heap     ] GC(9) Survivor regions: 3->3(8)
[2022-08-18T15:58:14.196+0900][gc,heap     ] GC(9) Old regions: 17->17
[2022-08-18T15:58:14.196+0900][gc,heap     ] GC(9) Archive regions: 2->2
[2022-08-18T15:58:14.196+0900][gc,heap     ] GC(9) Humongous regions: 129->129
[2022-08-18T15:58:14.196+0900][gc,metaspace] GC(9) Metaspace: 42955K(43584K)->42955K(43584K) NonClass: 37909K(38272K)->37909K(38272K) Class: 5046K(5312K)->5046K(5312K)
[2022-08-18T15:58:14.196+0900][gc          ] GC(9) Pause Young (Normal) (G1 Evacuation Pause) 205M->148M(1024M) 3.816ms
[2022-08-18T15:58:14.196+0900][gc,cpu      ] GC(9) User=0.00s Sys=0.05s Real=0.01s
[2022-08-18T16:29:01.529+0900][gc,heap,exit] Heap
[2022-08-18T16:29:01.529+0900][gc,heap,exit]  garbage-first heap   total 1048576K, used 255884K [0x00000000c0000000, 0x0000000100000000)
[2022-08-18T16:29:01.529+0900][gc,heap,exit]   region size 1024K, 105 young (107520K), 3 survivors (3072K)
[2022-08-18T16:29:01.529+0900][gc,heap,exit]  Metaspace       used 43567K, committed 44224K, reserved 1114112K
[2022-08-18T16:29:01.529+0900][gc,heap,exit]   class space    used 5188K, committed 5504K, reserved 1048576K
