[2022-08-18T14:36:44.457+0900][gc,init] CardTable entry size: 512
[2022-08-18T14:36:44.457+0900][gc     ] Using G1
[2022-08-18T14:36:44.458+0900][gc,init] Version: 18.0.2+9-61 (release)
[2022-08-18T14:36:44.458+0900][gc,init] CPUs: 16 total, 16 available
[2022-08-18T14:36:44.458+0900][gc,init] Memory: 25584M
[2022-08-18T14:36:44.458+0900][gc,init] Large Page Support: Disabled
[2022-08-18T14:36:44.458+0900][gc,init] NUMA Support: Disabled
[2022-08-18T14:36:44.458+0900][gc,init] Compressed Oops: Enabled (32-bit)
[2022-08-18T14:36:44.458+0900][gc,init] Heap Region Size: 1M
[2022-08-18T14:36:44.458+0900][gc,init] Heap Min Capacity: 512M
[2022-08-18T14:36:44.458+0900][gc,init] Heap Initial Capacity: 512M
[2022-08-18T14:36:44.458+0900][gc,init] Heap Max Capacity: 512M
[2022-08-18T14:36:44.458+0900][gc,init] Pre-touch: Disabled
[2022-08-18T14:36:44.458+0900][gc,init] Parallel Workers: 13
[2022-08-18T14:36:44.458+0900][gc,init] Concurrent Workers: 3
[2022-08-18T14:36:44.458+0900][gc,init] Concurrent Refinement Workers: 13
[2022-08-18T14:36:44.458+0900][gc,init] Periodic GC: Disabled
[2022-08-18T14:36:44.458+0900][gc,metaspace] CDS archive(s) mapped at: [0x0000000800000000-0x0000000800bb0000-0x0000000800bb0000), size 12255232, SharedBaseAddress: 0x0000000800000000, ArchiveRelocationMode: 0.
[2022-08-18T14:36:44.458+0900][gc,metaspace] Compressed class space mapped at: 0x0000000800c00000-0x0000000840c00000, reserved size: 1073741824
[2022-08-18T14:36:44.458+0900][gc,metaspace] Narrow klass base: 0x0000000800000000, Narrow klass shift: 0, Narrow klass range: 0x100000000
[2022-08-18T14:37:58.638+0900][gc,start    ] GC(0) Pause Young (Normal) (G1 Evacuation Pause)
[2022-08-18T14:37:58.638+0900][gc,task     ] GC(0) Using 12 workers of 13 for evacuation
[2022-08-18T14:37:58.643+0900][gc,phases   ] GC(0)   Pre Evacuate Collection Set: 0.1ms
[2022-08-18T14:37:58.643+0900][gc,phases   ] GC(0)   Merge Heap Roots: 0.1ms
[2022-08-18T14:37:58.643+0900][gc,phases   ] GC(0)   Evacuate Collection Set: 4.1ms
[2022-08-18T14:37:58.643+0900][gc,phases   ] GC(0)   Post Evacuate Collection Set: 0.7ms
[2022-08-18T14:37:58.643+0900][gc,phases   ] GC(0)   Other: 0.7ms
[2022-08-18T14:37:58.643+0900][gc,heap     ] GC(0) Eden regions: 25->0(21)
[2022-08-18T14:37:58.643+0900][gc,heap     ] GC(0) Survivor regions: 0->4(4)
[2022-08-18T14:37:58.643+0900][gc,heap     ] GC(0) Old regions: 0->3
[2022-08-18T14:37:58.643+0900][gc,heap     ] GC(0) Archive regions: 2->2
[2022-08-18T14:37:58.643+0900][gc,heap     ] GC(0) Humongous regions: 0->0
[2022-08-18T14:37:58.643+0900][gc,metaspace] GC(0) Metaspace: 8065K(8256K)->8065K(8256K) NonClass: 7213K(7296K)->7213K(7296K) Class: 851K(960K)->851K(960K)
[2022-08-18T14:37:58.643+0900][gc          ] GC(0) Pause Young (Normal) (G1 Evacuation Pause) 25M->7M(512M) 5.775ms
[2022-08-18T14:37:58.643+0900][gc,cpu      ] GC(0) User=0.05s Sys=0.01s Real=0.00s
[2022-08-18T16:29:03.965+0900][gc,heap,exit] Heap
[2022-08-18T16:29:03.965+0900][gc,heap,exit]  garbage-first heap   total 524288K, used 24018K [0x00000000e0000000, 0x0000000100000000)
[2022-08-18T16:29:03.965+0900][gc,heap,exit]   region size 1024K, 20 young (20480K), 4 survivors (4096K)
[2022-08-18T16:29:03.965+0900][gc,heap,exit]  Metaspace       used 9065K, committed 9344K, reserved 1114112K
[2022-08-18T16:29:03.965+0900][gc,heap,exit]   class space    used 899K, committed 1024K, reserved 1048576K
