[2022-08-18T01:36:47.558+0900][gc,init] CardTable entry size: 512
[2022-08-18T01:36:47.559+0900][gc     ] Using G1
[2022-08-18T01:36:47.560+0900][gc,init] Version: 18.0.2+9-61 (release)
[2022-08-18T01:36:47.560+0900][gc,init] CPUs: 16 total, 16 available
[2022-08-18T01:36:47.560+0900][gc,init] Memory: 25584M
[2022-08-18T01:36:47.560+0900][gc,init] Large Page Support: Disabled
[2022-08-18T01:36:47.560+0900][gc,init] NUMA Support: Disabled
[2022-08-18T01:36:47.560+0900][gc,init] Compressed Oops: Enabled (32-bit)
[2022-08-18T01:36:47.560+0900][gc,init] Heap Region Size: 1M
[2022-08-18T01:36:47.560+0900][gc,init] Heap Min Capacity: 512M
[2022-08-18T01:36:47.560+0900][gc,init] Heap Initial Capacity: 512M
[2022-08-18T01:36:47.560+0900][gc,init] Heap Max Capacity: 512M
[2022-08-18T01:36:47.560+0900][gc,init] Pre-touch: Disabled
[2022-08-18T01:36:47.560+0900][gc,init] Parallel Workers: 13
[2022-08-18T01:36:47.560+0900][gc,init] Concurrent Workers: 3
[2022-08-18T01:36:47.560+0900][gc,init] Concurrent Refinement Workers: 13
[2022-08-18T01:36:47.560+0900][gc,init] Periodic GC: Disabled
[2022-08-18T01:36:47.560+0900][gc,metaspace] CDS archive(s) mapped at: [0x0000000800000000-0x0000000800bb0000-0x0000000800bb0000), size 12255232, SharedBaseAddress: 0x0000000800000000, ArchiveRelocationMode: 0.
[2022-08-18T01:36:47.560+0900][gc,metaspace] Compressed class space mapped at: 0x0000000800c00000-0x0000000840c00000, reserved size: 1073741824
[2022-08-18T01:36:47.560+0900][gc,metaspace] Narrow klass base: 0x0000000800000000, Narrow klass shift: 0, Narrow klass range: 0x100000000
[2022-08-18T01:37:58.962+0900][gc,heap,exit] Heap
[2022-08-18T01:37:58.962+0900][gc,heap,exit]  garbage-first heap   total 524288K, used 24492K [0x00000000e0000000, 0x0000000100000000)
[2022-08-18T01:37:58.962+0900][gc,heap,exit]   region size 1024K, 23 young (23552K), 0 survivors (0K)
[2022-08-18T01:37:58.962+0900][gc,heap,exit]  Metaspace       used 7784K, committed 8000K, reserved 1114112K
[2022-08-18T01:37:58.962+0900][gc,heap,exit]   class space    used 830K, committed 960K, reserved 1048576K
