[2022-08-18T01:24:02.690+0900][gc,init] CardTable entry size: 512
[2022-08-18T01:24:02.690+0900][gc     ] Using G1
[2022-08-18T01:24:02.691+0900][gc,init] Version: 18.0.2+9-61 (release)
[2022-08-18T01:24:02.691+0900][gc,init] CPUs: 16 total, 16 available
[2022-08-18T01:24:02.691+0900][gc,init] Memory: 25584M
[2022-08-18T01:24:02.691+0900][gc,init] Large Page Support: Disabled
[2022-08-18T01:24:02.691+0900][gc,init] NUMA Support: Disabled
[2022-08-18T01:24:02.691+0900][gc,init] Compressed Oops: Enabled (32-bit)
[2022-08-18T01:24:02.691+0900][gc,init] Heap Region Size: 1M
[2022-08-18T01:24:02.691+0900][gc,init] Heap Min Capacity: 512M
[2022-08-18T01:24:02.691+0900][gc,init] Heap Initial Capacity: 512M
[2022-08-18T01:24:02.691+0900][gc,init] Heap Max Capacity: 512M
[2022-08-18T01:24:02.691+0900][gc,init] Pre-touch: Disabled
[2022-08-18T01:24:02.691+0900][gc,init] Parallel Workers: 13
[2022-08-18T01:24:02.691+0900][gc,init] Concurrent Workers: 3
[2022-08-18T01:24:02.691+0900][gc,init] Concurrent Refinement Workers: 13
[2022-08-18T01:24:02.691+0900][gc,init] Periodic GC: Disabled
[2022-08-18T01:24:02.691+0900][gc,metaspace] CDS archive(s) mapped at: [0x0000000800000000-0x0000000800bb0000-0x0000000800bb0000), size 12255232, SharedBaseAddress: 0x0000000800000000, ArchiveRelocationMode: 0.
[2022-08-18T01:24:02.691+0900][gc,metaspace] Compressed class space mapped at: 0x0000000800c00000-0x0000000840c00000, reserved size: 1073741824
[2022-08-18T01:24:02.691+0900][gc,metaspace] Narrow klass base: 0x0000000800000000, Narrow klass shift: 0, Narrow klass range: 0x100000000
[2022-08-18T01:30:45.066+0900][gc,start    ] GC(0) Pause Young (Normal) (G1 Evacuation Pause)
[2022-08-18T01:30:45.067+0900][gc,task     ] GC(0) Using 12 workers of 13 for evacuation
[2022-08-18T01:30:45.071+0900][gc,phases   ] GC(0)   Pre Evacuate Collection Set: 0.1ms
[2022-08-18T01:30:45.071+0900][gc,phases   ] GC(0)   Merge Heap Roots: 0.1ms
[2022-08-18T01:30:45.071+0900][gc,phases   ] GC(0)   Evacuate Collection Set: 3.9ms
[2022-08-18T01:30:45.071+0900][gc,phases   ] GC(0)   Post Evacuate Collection Set: 0.5ms
[2022-08-18T01:30:45.071+0900][gc,phases   ] GC(0)   Other: 0.6ms
[2022-08-18T01:30:45.071+0900][gc,heap     ] GC(0) Eden regions: 25->0(21)
[2022-08-18T01:30:45.071+0900][gc,heap     ] GC(0) Survivor regions: 0->4(4)
[2022-08-18T01:30:45.071+0900][gc,heap     ] GC(0) Old regions: 0->4
[2022-08-18T01:30:45.071+0900][gc,heap     ] GC(0) Archive regions: 2->2
[2022-08-18T01:30:45.071+0900][gc,heap     ] GC(0) Humongous regions: 0->0
[2022-08-18T01:30:45.071+0900][gc,metaspace] GC(0) Metaspace: 7948K(8192K)->7948K(8192K) NonClass: 7106K(7232K)->7106K(7232K) Class: 842K(960K)->842K(960K)
[2022-08-18T01:30:45.071+0900][gc          ] GC(0) Pause Young (Normal) (G1 Evacuation Pause) 25M->8M(512M) 5.310ms
[2022-08-18T01:30:45.071+0900][gc,cpu      ] GC(0) User=0.04s Sys=0.00s Real=0.00s
[2022-08-18T01:35:23.280+0900][gc,heap,exit] Heap
[2022-08-18T01:35:23.280+0900][gc,heap,exit]  garbage-first heap   total 524288K, used 10302K [0x00000000e0000000, 0x0000000100000000)
[2022-08-18T01:35:23.280+0900][gc,heap,exit]   region size 1024K, 7 young (7168K), 4 survivors (4096K)
[2022-08-18T01:35:23.280+0900][gc,heap,exit]  Metaspace       used 7973K, committed 8192K, reserved 1114112K
[2022-08-18T01:35:23.280+0900][gc,heap,exit]   class space    used 842K, committed 960K, reserved 1048576K
